{
  "bishop_move_generation::test_generate_black_bishop_moves":
  {
    file:
    [
      chess-lib
      tests
      bishop_move_generation.rs
    ]
    module_path: bishop_move_generation
    test_function: test_generate_black_bishop_moves
    recorded_value:
    [
      
        '''
        First Move

               ╔═════════════════╗
        0x38 8 ║ B · · · n · · · ║ 63
        0x30 7 ║ · · · · · · · · ║ 55
        0x28 6 ║ · · · · · B · · ║ 47
        0x20 5 ║ · · · · · · · · ║ 39
        0x18 4 ║ · · B · · · · n ║ 31
        0x10 3 ║ · · · · · r · · ║ 23
        0x08 2 ║ · · · · B · · · ║ 15
        0x00 1 ║ · · · · n · B B ║ 7
               ╚═════════════════╝
                 A B C D E F G H

        '''
      
        '''
        Bg1f2

               ╔═════════════════╗
        0x38 8 ║ B · · · n · · · ║ 63
        0x30 7 ║ · · · · · · · · ║ 55
        0x28 6 ║ · · · · · B · · ║ 47
        0x20 5 ║ · · · · · · · · ║ 39
        0x18 4 ║ · · B · · · · n ║ 31
        0x10 3 ║ · · · · · r · · ║ 23
        0x08 2 ║ · · · · B B · · ║ 15
        0x00 1 ║ · · · · n · · B ║ 7
               ╚═════════════════╝
                 A B C D E F G H

        '''
      
        '''
        Bg1h2

               ╔═════════════════╗
        0x38 8 ║ B · · · n · · · ║ 63
        0x30 7 ║ · · · · · · · · ║ 55
        0x28 6 ║ · · · · · B · · ║ 47
        0x20 5 ║ · · · · · · · · ║ 39
        0x18 4 ║ · · B · · · · n ║ 31
        0x10 3 ║ · · · · · r · · ║ 23
        0x08 2 ║ · · · · B · · B ║ 15
        0x00 1 ║ · · · · n · · B ║ 7
               ╚═════════════════╝
                 A B C D E F G H

        '''
      
        '''
        Bg1e3

               ╔═════════════════╗
        0x38 8 ║ B · · · n · · · ║ 63
        0x30 7 ║ · · · · · · · · ║ 55
        0x28 6 ║ · · · · · B · · ║ 47
        0x20 5 ║ · · · · · · · · ║ 39
        0x18 4 ║ · · B · · · · n ║ 31
        0x10 3 ║ · · · · B r · · ║ 23
        0x08 2 ║ · · · · B · · · ║ 15
        0x00 1 ║ · · · · n · · B ║ 7
               ╚═════════════════╝
                 A B C D E F G H

        '''
      
        '''
        Bg1d4

               ╔═════════════════╗
        0x38 8 ║ B · · · n · · · ║ 63
        0x30 7 ║ · · · · · · · · ║ 55
        0x28 6 ║ · · · · · B · · ║ 47
        0x20 5 ║ · · · · · · · · ║ 39
        0x18 4 ║ · · B B · · · n ║ 31
        0x10 3 ║ · · · · · r · · ║ 23
        0x08 2 ║ · · · · B · · · ║ 15
        0x00 1 ║ · · · · n · · B ║ 7
               ╚═════════════════╝
                 A B C D E F G H

        '''
      
        '''
        Bg1c5

               ╔═════════════════╗
        0x38 8 ║ B · · · n · · · ║ 63
        0x30 7 ║ · · · · · · · · ║ 55
        0x28 6 ║ · · · · · B · · ║ 47
        0x20 5 ║ · · B · · · · · ║ 39
        0x18 4 ║ · · B · · · · n ║ 31
        0x10 3 ║ · · · · · r · · ║ 23
        0x08 2 ║ · · · · B · · · ║ 15
        0x00 1 ║ · · · · n · · B ║ 7
               ╚═════════════════╝
                 A B C D E F G H

        '''
      
        '''
        Bg1b6

               ╔═════════════════╗
        0x38 8 ║ B · · · n · · · ║ 63
        0x30 7 ║ · · · · · · · · ║ 55
        0x28 6 ║ · B · · · B · · ║ 47
        0x20 5 ║ · · · · · · · · ║ 39
        0x18 4 ║ · · B · · · · n ║ 31
        0x10 3 ║ · · · · · r · · ║ 23
        0x08 2 ║ · · · · B · · · ║ 15
        0x00 1 ║ · · · · n · · B ║ 7
               ╚═════════════════╝
                 A B C D E F G H

        '''
      
        '''
        Bg1a7

               ╔═════════════════╗
        0x38 8 ║ B · · · n · · · ║ 63
        0x30 7 ║ B · · · · · · · ║ 55
        0x28 6 ║ · · · · · B · · ║ 47
        0x20 5 ║ · · · · · · · · ║ 39
        0x18 4 ║ · · B · · · · n ║ 31
        0x10 3 ║ · · · · · r · · ║ 23
        0x08 2 ║ · · · · B · · · ║ 15
        0x00 1 ║ · · · · n · · B ║ 7
               ╚═════════════════╝
                 A B C D E F G H

        '''
      
        '''
        Bh1g2

               ╔═════════════════╗
        0x38 8 ║ B · · · n · · · ║ 63
        0x30 7 ║ · · · · · · · · ║ 55
        0x28 6 ║ · · · · · B · · ║ 47
        0x20 5 ║ · · · · · · · · ║ 39
        0x18 4 ║ · · B · · · · n ║ 31
        0x10 3 ║ · · · · · r · · ║ 23
        0x08 2 ║ · · · · B · B · ║ 15
        0x00 1 ║ · · · · n · B · ║ 7
               ╚═════════════════╝
                 A B C D E F G H

        '''
      
        '''
        Bh1xf3

               ╔═════════════════╗
        0x38 8 ║ B · · · n · · · ║ 63
        0x30 7 ║ · · · · · · · · ║ 55
        0x28 6 ║ · · · · · B · · ║ 47
        0x20 5 ║ · · · · · · · · ║ 39
        0x18 4 ║ · · B · · · · n ║ 31
        0x10 3 ║ · · · · · B · · ║ 23
        0x08 2 ║ · · · · B · · · ║ 15
        0x00 1 ║ · · · · n · B · ║ 7
               ╚═════════════════╝
                 A B C D E F G H

        '''
      
        '''
        Be2d1

               ╔═════════════════╗
        0x38 8 ║ B · · · n · · · ║ 63
        0x30 7 ║ · · · · · · · · ║ 55
        0x28 6 ║ · · · · · B · · ║ 47
        0x20 5 ║ · · · · · · · · ║ 39
        0x18 4 ║ · · B · · · · n ║ 31
        0x10 3 ║ · · · · · r · · ║ 23
        0x08 2 ║ · · · · · · · · ║ 15
        0x00 1 ║ · · · B n · B B ║ 7
               ╚═════════════════╝
                 A B C D E F G H

        '''
      
        '''
        Be2f1

               ╔═════════════════╗
        0x38 8 ║ B · · · n · · · ║ 63
        0x30 7 ║ · · · · · · · · ║ 55
        0x28 6 ║ · · · · · B · · ║ 47
        0x20 5 ║ · · · · · · · · ║ 39
        0x18 4 ║ · · B · · · · n ║ 31
        0x10 3 ║ · · · · · r · · ║ 23
        0x08 2 ║ · · · · · · · · ║ 15
        0x00 1 ║ · · · · n B B B ║ 7
               ╚═════════════════╝
                 A B C D E F G H

        '''
      
        '''
        Be2d3

               ╔═════════════════╗
        0x38 8 ║ B · · · n · · · ║ 63
        0x30 7 ║ · · · · · · · · ║ 55
        0x28 6 ║ · · · · · B · · ║ 47
        0x20 5 ║ · · · · · · · · ║ 39
        0x18 4 ║ · · B · · · · n ║ 31
        0x10 3 ║ · · · B · r · · ║ 23
        0x08 2 ║ · · · · · · · · ║ 15
        0x00 1 ║ · · · · n · B B ║ 7
               ╚═════════════════╝
                 A B C D E F G H

        '''
      
        '''
        Be2xf3

               ╔═════════════════╗
        0x38 8 ║ B · · · n · · · ║ 63
        0x30 7 ║ · · · · · · · · ║ 55
        0x28 6 ║ · · · · · B · · ║ 47
        0x20 5 ║ · · · · · · · · ║ 39
        0x18 4 ║ · · B · · · · n ║ 31
        0x10 3 ║ · · · · · B · · ║ 23
        0x08 2 ║ · · · · · · · · ║ 15
        0x00 1 ║ · · · · n · B B ║ 7
               ╚═════════════════╝
                 A B C D E F G H

        '''
      
        '''
        Bc4a2

               ╔═════════════════╗
        0x38 8 ║ B · · · n · · · ║ 63
        0x30 7 ║ · · · · · · · · ║ 55
        0x28 6 ║ · · · · · B · · ║ 47
        0x20 5 ║ · · · · · · · · ║ 39
        0x18 4 ║ · · · · · · · n ║ 31
        0x10 3 ║ · · · · · r · · ║ 23
        0x08 2 ║ B · · · B · · · ║ 15
        0x00 1 ║ · · · · n · B B ║ 7
               ╚═════════════════╝
                 A B C D E F G H

        '''
      
        '''
        Bc4b3

               ╔═════════════════╗
        0x38 8 ║ B · · · n · · · ║ 63
        0x30 7 ║ · · · · · · · · ║ 55
        0x28 6 ║ · · · · · B · · ║ 47
        0x20 5 ║ · · · · · · · · ║ 39
        0x18 4 ║ · · · · · · · n ║ 31
        0x10 3 ║ · B · · · r · · ║ 23
        0x08 2 ║ · · · · B · · · ║ 15
        0x00 1 ║ · · · · n · B B ║ 7
               ╚═════════════════╝
                 A B C D E F G H

        '''
      
        '''
        Bc4d3

               ╔═════════════════╗
        0x38 8 ║ B · · · n · · · ║ 63
        0x30 7 ║ · · · · · · · · ║ 55
        0x28 6 ║ · · · · · B · · ║ 47
        0x20 5 ║ · · · · · · · · ║ 39
        0x18 4 ║ · · · · · · · n ║ 31
        0x10 3 ║ · · · B · r · · ║ 23
        0x08 2 ║ · · · · B · · · ║ 15
        0x00 1 ║ · · · · n · B B ║ 7
               ╚═════════════════╝
                 A B C D E F G H

        '''
      
        '''
        Bc4b5

               ╔═════════════════╗
        0x38 8 ║ B · · · n · · · ║ 63
        0x30 7 ║ · · · · · · · · ║ 55
        0x28 6 ║ · · · · · B · · ║ 47
        0x20 5 ║ · B · · · · · · ║ 39
        0x18 4 ║ · · · · · · · n ║ 31
        0x10 3 ║ · · · · · r · · ║ 23
        0x08 2 ║ · · · · B · · · ║ 15
        0x00 1 ║ · · · · n · B B ║ 7
               ╚═════════════════╝
                 A B C D E F G H

        '''
      
        '''
        Bc4d5

               ╔═════════════════╗
        0x38 8 ║ B · · · n · · · ║ 63
        0x30 7 ║ · · · · · · · · ║ 55
        0x28 6 ║ · · · · · B · · ║ 47
        0x20 5 ║ · · · B · · · · ║ 39
        0x18 4 ║ · · · · · · · n ║ 31
        0x10 3 ║ · · · · · r · · ║ 23
        0x08 2 ║ · · · · B · · · ║ 15
        0x00 1 ║ · · · · n · B B ║ 7
               ╚═════════════════╝
                 A B C D E F G H

        '''
      
        '''
        Bc4a6

               ╔═════════════════╗
        0x38 8 ║ B · · · n · · · ║ 63
        0x30 7 ║ · · · · · · · · ║ 55
        0x28 6 ║ B · · · · B · · ║ 47
        0x20 5 ║ · · · · · · · · ║ 39
        0x18 4 ║ · · · · · · · n ║ 31
        0x10 3 ║ · · · · · r · · ║ 23
        0x08 2 ║ · · · · B · · · ║ 15
        0x00 1 ║ · · · · n · B B ║ 7
               ╚═════════════════╝
                 A B C D E F G H

        '''
      
        '''
        Bc4e6

               ╔═════════════════╗
        0x38 8 ║ B · · · n · · · ║ 63
        0x30 7 ║ · · · · · · · · ║ 55
        0x28 6 ║ · · · · B B · · ║ 47
        0x20 5 ║ · · · · · · · · ║ 39
        0x18 4 ║ · · · · · · · n ║ 31
        0x10 3 ║ · · · · · r · · ║ 23
        0x08 2 ║ · · · · B · · · ║ 15
        0x00 1 ║ · · · · n · B B ║ 7
               ╚═════════════════╝
                 A B C D E F G H

        '''
      
        '''
        Bc4f7

               ╔═════════════════╗
        0x38 8 ║ B · · · n · · · ║ 63
        0x30 7 ║ · · · · · B · · ║ 55
        0x28 6 ║ · · · · · B · · ║ 47
        0x20 5 ║ · · · · · · · · ║ 39
        0x18 4 ║ · · · · · · · n ║ 31
        0x10 3 ║ · · · · · r · · ║ 23
        0x08 2 ║ · · · · B · · · ║ 15
        0x00 1 ║ · · · · n · B B ║ 7
               ╚═════════════════╝
                 A B C D E F G H

        '''
      
        '''
        Bc4g8

               ╔═════════════════╗
        0x38 8 ║ B · · · n · B · ║ 63
        0x30 7 ║ · · · · · · · · ║ 55
        0x28 6 ║ · · · · · B · · ║ 47
        0x20 5 ║ · · · · · · · · ║ 39
        0x18 4 ║ · · · · · · · n ║ 31
        0x10 3 ║ · · · · · r · · ║ 23
        0x08 2 ║ · · · · B · · · ║ 15
        0x00 1 ║ · · · · n · B B ║ 7
               ╚═════════════════╝
                 A B C D E F G H

        '''
      
        '''
        Bf6a1

               ╔═════════════════╗
        0x38 8 ║ B · · · n · · · ║ 63
        0x30 7 ║ · · · · · · · · ║ 55
        0x28 6 ║ · · · · · · · · ║ 47
        0x20 5 ║ · · · · · · · · ║ 39
        0x18 4 ║ · · B · · · · n ║ 31
        0x10 3 ║ · · · · · r · · ║ 23
        0x08 2 ║ · · · · B · · · ║ 15
        0x00 1 ║ B · · · n · B B ║ 7
               ╚═════════════════╝
                 A B C D E F G H

        '''
      
        '''
        Bf6b2

               ╔═════════════════╗
        0x38 8 ║ B · · · n · · · ║ 63
        0x30 7 ║ · · · · · · · · ║ 55
        0x28 6 ║ · · · · · · · · ║ 47
        0x20 5 ║ · · · · · · · · ║ 39
        0x18 4 ║ · · B · · · · n ║ 31
        0x10 3 ║ · · · · · r · · ║ 23
        0x08 2 ║ · B · · B · · · ║ 15
        0x00 1 ║ · · · · n · B B ║ 7
               ╚═════════════════╝
                 A B C D E F G H

        '''
      
        '''
        Bf6c3

               ╔═════════════════╗
        0x38 8 ║ B · · · n · · · ║ 63
        0x30 7 ║ · · · · · · · · ║ 55
        0x28 6 ║ · · · · · · · · ║ 47
        0x20 5 ║ · · · · · · · · ║ 39
        0x18 4 ║ · · B · · · · n ║ 31
        0x10 3 ║ · · B · · r · · ║ 23
        0x08 2 ║ · · · · B · · · ║ 15
        0x00 1 ║ · · · · n · B B ║ 7
               ╚═════════════════╝
                 A B C D E F G H

        '''
      
        '''
        Bf6d4

               ╔═════════════════╗
        0x38 8 ║ B · · · n · · · ║ 63
        0x30 7 ║ · · · · · · · · ║ 55
        0x28 6 ║ · · · · · · · · ║ 47
        0x20 5 ║ · · · · · · · · ║ 39
        0x18 4 ║ · · B B · · · n ║ 31
        0x10 3 ║ · · · · · r · · ║ 23
        0x08 2 ║ · · · · B · · · ║ 15
        0x00 1 ║ · · · · n · B B ║ 7
               ╚═════════════════╝
                 A B C D E F G H

        '''
      
        '''
        Bf6xh4

               ╔═════════════════╗
        0x38 8 ║ B · · · n · · · ║ 63
        0x30 7 ║ · · · · · · · · ║ 55
        0x28 6 ║ · · · · · · · · ║ 47
        0x20 5 ║ · · · · · · · · ║ 39
        0x18 4 ║ · · B · · · · B ║ 31
        0x10 3 ║ · · · · · r · · ║ 23
        0x08 2 ║ · · · · B · · · ║ 15
        0x00 1 ║ · · · · n · B B ║ 7
               ╚═════════════════╝
                 A B C D E F G H

        '''
      
        '''
        Bf6e5

               ╔═════════════════╗
        0x38 8 ║ B · · · n · · · ║ 63
        0x30 7 ║ · · · · · · · · ║ 55
        0x28 6 ║ · · · · · · · · ║ 47
        0x20 5 ║ · · · · B · · · ║ 39
        0x18 4 ║ · · B · · · · n ║ 31
        0x10 3 ║ · · · · · r · · ║ 23
        0x08 2 ║ · · · · B · · · ║ 15
        0x00 1 ║ · · · · n · B B ║ 7
               ╚═════════════════╝
                 A B C D E F G H

        '''
      
        '''
        Bf6g5

               ╔═════════════════╗
        0x38 8 ║ B · · · n · · · ║ 63
        0x30 7 ║ · · · · · · · · ║ 55
        0x28 6 ║ · · · · · · · · ║ 47
        0x20 5 ║ · · · · · · B · ║ 39
        0x18 4 ║ · · B · · · · n ║ 31
        0x10 3 ║ · · · · · r · · ║ 23
        0x08 2 ║ · · · · B · · · ║ 15
        0x00 1 ║ · · · · n · B B ║ 7
               ╚═════════════════╝
                 A B C D E F G H

        '''
      
        '''
        Bf6e7

               ╔═════════════════╗
        0x38 8 ║ B · · · n · · · ║ 63
        0x30 7 ║ · · · · B · · · ║ 55
        0x28 6 ║ · · · · · · · · ║ 47
        0x20 5 ║ · · · · · · · · ║ 39
        0x18 4 ║ · · B · · · · n ║ 31
        0x10 3 ║ · · · · · r · · ║ 23
        0x08 2 ║ · · · · B · · · ║ 15
        0x00 1 ║ · · · · n · B B ║ 7
               ╚═════════════════╝
                 A B C D E F G H

        '''
      
        '''
        Bf6g7

               ╔═════════════════╗
        0x38 8 ║ B · · · n · · · ║ 63
        0x30 7 ║ · · · · · · B · ║ 55
        0x28 6 ║ · · · · · · · · ║ 47
        0x20 5 ║ · · · · · · · · ║ 39
        0x18 4 ║ · · B · · · · n ║ 31
        0x10 3 ║ · · · · · r · · ║ 23
        0x08 2 ║ · · · · B · · · ║ 15
        0x00 1 ║ · · · · n · B B ║ 7
               ╚═════════════════╝
                 A B C D E F G H

        '''
      
        '''
        Bf6d8

               ╔═════════════════╗
        0x38 8 ║ B · · B n · · · ║ 63
        0x30 7 ║ · · · · · · · · ║ 55
        0x28 6 ║ · · · · · · · · ║ 47
        0x20 5 ║ · · · · · · · · ║ 39
        0x18 4 ║ · · B · · · · n ║ 31
        0x10 3 ║ · · · · · r · · ║ 23
        0x08 2 ║ · · · · B · · · ║ 15
        0x00 1 ║ · · · · n · B B ║ 7
               ╚═════════════════╝
                 A B C D E F G H

        '''
      
        '''
        Bf6h8

               ╔═════════════════╗
        0x38 8 ║ B · · · n · · B ║ 63
        0x30 7 ║ · · · · · · · · ║ 55
        0x28 6 ║ · · · · · · · · ║ 47
        0x20 5 ║ · · · · · · · · ║ 39
        0x18 4 ║ · · B · · · · n ║ 31
        0x10 3 ║ · · · · · r · · ║ 23
        0x08 2 ║ · · · · B · · · ║ 15
        0x00 1 ║ · · · · n · B B ║ 7
               ╚═════════════════╝
                 A B C D E F G H

        '''
      
        '''
        Ba8xf3

               ╔═════════════════╗
        0x38 8 ║ · · · · n · · · ║ 63
        0x30 7 ║ · · · · · · · · ║ 55
        0x28 6 ║ · · · · · B · · ║ 47
        0x20 5 ║ · · · · · · · · ║ 39
        0x18 4 ║ · · B · · · · n ║ 31
        0x10 3 ║ · · · · · B · · ║ 23
        0x08 2 ║ · · · · B · · · ║ 15
        0x00 1 ║ · · · · n · B B ║ 7
               ╚═════════════════╝
                 A B C D E F G H

        '''
      
        '''
        Ba8e4

               ╔═════════════════╗
        0x38 8 ║ · · · · n · · · ║ 63
        0x30 7 ║ · · · · · · · · ║ 55
        0x28 6 ║ · · · · · B · · ║ 47
        0x20 5 ║ · · · · · · · · ║ 39
        0x18 4 ║ · · B · B · · n ║ 31
        0x10 3 ║ · · · · · r · · ║ 23
        0x08 2 ║ · · · · B · · · ║ 15
        0x00 1 ║ · · · · n · B B ║ 7
               ╚═════════════════╝
                 A B C D E F G H

        '''
      
        '''
        Ba8d5

               ╔═════════════════╗
        0x38 8 ║ · · · · n · · · ║ 63
        0x30 7 ║ · · · · · · · · ║ 55
        0x28 6 ║ · · · · · B · · ║ 47
        0x20 5 ║ · · · B · · · · ║ 39
        0x18 4 ║ · · B · · · · n ║ 31
        0x10 3 ║ · · · · · r · · ║ 23
        0x08 2 ║ · · · · B · · · ║ 15
        0x00 1 ║ · · · · n · B B ║ 7
               ╚═════════════════╝
                 A B C D E F G H

        '''
      
        '''
        Ba8c6

               ╔═════════════════╗
        0x38 8 ║ · · · · n · · · ║ 63
        0x30 7 ║ · · · · · · · · ║ 55
        0x28 6 ║ · · B · · B · · ║ 47
        0x20 5 ║ · · · · · · · · ║ 39
        0x18 4 ║ · · B · · · · n ║ 31
        0x10 3 ║ · · · · · r · · ║ 23
        0x08 2 ║ · · · · B · · · ║ 15
        0x00 1 ║ · · · · n · B B ║ 7
               ╚═════════════════╝
                 A B C D E F G H

        '''
      
        '''
        Ba8b7

               ╔═════════════════╗
        0x38 8 ║ · · · · n · · · ║ 63
        0x30 7 ║ · B · · · · · · ║ 55
        0x28 6 ║ · · · · · B · · ║ 47
        0x20 5 ║ · · · · · · · · ║ 39
        0x18 4 ║ · · B · · · · n ║ 31
        0x10 3 ║ · · · · · r · · ║ 23
        0x08 2 ║ · · · · B · · · ║ 15
        0x00 1 ║ · · · · n · B B ║ 7
               ╚═════════════════╝
                 A B C D E F G H

        '''
    ]
  }
  "bishop_move_generation::test_generate_white_bishop_moves":
  {
    file:
    [
      chess-lib
      tests
      bishop_move_generation.rs
    ]
    module_path: bishop_move_generation
    test_function: test_generate_white_bishop_moves
    recorded_value:
    [
      
        '''
        First Move

               ╔═════════════════╗
        0x38 8 ║ b · · N · · · · ║ 63
        0x30 7 ║ · · · · · · R · ║ 55
        0x28 6 ║ · · · · · · · · ║ 47
        0x20 5 ║ · · · b · · · · ║ 39
        0x18 4 ║ · · · · b · · P ║ 31
        0x10 3 ║ · R · · · · · · ║ 23
        0x08 2 ║ · R · · · · · · ║ 15
        0x00 1 ║ · · · b · · · b ║ 7
               ╚═════════════════╝
                 A B C D E F G H

        '''
      
        '''
        Bd1c2

               ╔═════════════════╗
        0x38 8 ║ b · · N · · · · ║ 63
        0x30 7 ║ · · · · · · R · ║ 55
        0x28 6 ║ · · · · · · · · ║ 47
        0x20 5 ║ · · · b · · · · ║ 39
        0x18 4 ║ · · · · b · · P ║ 31
        0x10 3 ║ · R · · · · · · ║ 23
        0x08 2 ║ · R b · · · · · ║ 15
        0x00 1 ║ · · · · · · · b ║ 7
               ╚═════════════════╝
                 A B C D E F G H

        '''
      
        '''
        Bd1e2

               ╔═════════════════╗
        0x38 8 ║ b · · N · · · · ║ 63
        0x30 7 ║ · · · · · · R · ║ 55
        0x28 6 ║ · · · · · · · · ║ 47
        0x20 5 ║ · · · b · · · · ║ 39
        0x18 4 ║ · · · · b · · P ║ 31
        0x10 3 ║ · R · · · · · · ║ 23
        0x08 2 ║ · R · · b · · · ║ 15
        0x00 1 ║ · · · · · · · b ║ 7
               ╚═════════════════╝
                 A B C D E F G H

        '''
      
        '''
        Bd1xb3

               ╔═════════════════╗
        0x38 8 ║ b · · N · · · · ║ 63
        0x30 7 ║ · · · · · · R · ║ 55
        0x28 6 ║ · · · · · · · · ║ 47
        0x20 5 ║ · · · b · · · · ║ 39
        0x18 4 ║ · · · · b · · P ║ 31
        0x10 3 ║ · b · · · · · · ║ 23
        0x08 2 ║ · R · · · · · · ║ 15
        0x00 1 ║ · · · · · · · b ║ 7
               ╚═════════════════╝
                 A B C D E F G H

        '''
      
        '''
        Bd1f3

               ╔═════════════════╗
        0x38 8 ║ b · · N · · · · ║ 63
        0x30 7 ║ · · · · · · R · ║ 55
        0x28 6 ║ · · · · · · · · ║ 47
        0x20 5 ║ · · · b · · · · ║ 39
        0x18 4 ║ · · · · b · · P ║ 31
        0x10 3 ║ · R · · · b · · ║ 23
        0x08 2 ║ · R · · · · · · ║ 15
        0x00 1 ║ · · · · · · · b ║ 7
               ╚═════════════════╝
                 A B C D E F G H

        '''
      
        '''
        Bd1g4

               ╔═════════════════╗
        0x38 8 ║ b · · N · · · · ║ 63
        0x30 7 ║ · · · · · · R · ║ 55
        0x28 6 ║ · · · · · · · · ║ 47
        0x20 5 ║ · · · b · · · · ║ 39
        0x18 4 ║ · · · · b · b P ║ 31
        0x10 3 ║ · R · · · · · · ║ 23
        0x08 2 ║ · R · · · · · · ║ 15
        0x00 1 ║ · · · · · · · b ║ 7
               ╚═════════════════╝
                 A B C D E F G H

        '''
      
        '''
        Bd1h5

               ╔═════════════════╗
        0x38 8 ║ b · · N · · · · ║ 63
        0x30 7 ║ · · · · · · R · ║ 55
        0x28 6 ║ · · · · · · · · ║ 47
        0x20 5 ║ · · · b · · · b ║ 39
        0x18 4 ║ · · · · b · · P ║ 31
        0x10 3 ║ · R · · · · · · ║ 23
        0x08 2 ║ · R · · · · · · ║ 15
        0x00 1 ║ · · · · · · · b ║ 7
               ╚═════════════════╝
                 A B C D E F G H

        '''
      
        '''
        Bh1g2

               ╔═════════════════╗
        0x38 8 ║ b · · N · · · · ║ 63
        0x30 7 ║ · · · · · · R · ║ 55
        0x28 6 ║ · · · · · · · · ║ 47
        0x20 5 ║ · · · b · · · · ║ 39
        0x18 4 ║ · · · · b · · P ║ 31
        0x10 3 ║ · R · · · · · · ║ 23
        0x08 2 ║ · R · · · · b · ║ 15
        0x00 1 ║ · · · b · · · · ║ 7
               ╚═════════════════╝
                 A B C D E F G H

        '''
      
        '''
        Bh1f3

               ╔═════════════════╗
        0x38 8 ║ b · · N · · · · ║ 63
        0x30 7 ║ · · · · · · R · ║ 55
        0x28 6 ║ · · · · · · · · ║ 47
        0x20 5 ║ · · · b · · · · ║ 39
        0x18 4 ║ · · · · b · · P ║ 31
        0x10 3 ║ · R · · · b · · ║ 23
        0x08 2 ║ · R · · · · · · ║ 15
        0x00 1 ║ · · · b · · · · ║ 7
               ╚═════════════════╝
                 A B C D E F G H

        '''
      
        '''
        Be4b1

               ╔═════════════════╗
        0x38 8 ║ b · · N · · · · ║ 63
        0x30 7 ║ · · · · · · R · ║ 55
        0x28 6 ║ · · · · · · · · ║ 47
        0x20 5 ║ · · · b · · · · ║ 39
        0x18 4 ║ · · · · · · · P ║ 31
        0x10 3 ║ · R · · · · · · ║ 23
        0x08 2 ║ · R · · · · · · ║ 15
        0x00 1 ║ · b · b · · · b ║ 7
               ╚═════════════════╝
                 A B C D E F G H

        '''
      
        '''
        Be4c2

               ╔═════════════════╗
        0x38 8 ║ b · · N · · · · ║ 63
        0x30 7 ║ · · · · · · R · ║ 55
        0x28 6 ║ · · · · · · · · ║ 47
        0x20 5 ║ · · · b · · · · ║ 39
        0x18 4 ║ · · · · · · · P ║ 31
        0x10 3 ║ · R · · · · · · ║ 23
        0x08 2 ║ · R b · · · · · ║ 15
        0x00 1 ║ · · · b · · · b ║ 7
               ╚═════════════════╝
                 A B C D E F G H

        '''
      
        '''
        Be4g2

               ╔═════════════════╗
        0x38 8 ║ b · · N · · · · ║ 63
        0x30 7 ║ · · · · · · R · ║ 55
        0x28 6 ║ · · · · · · · · ║ 47
        0x20 5 ║ · · · b · · · · ║ 39
        0x18 4 ║ · · · · · · · P ║ 31
        0x10 3 ║ · R · · · · · · ║ 23
        0x08 2 ║ · R · · · · b · ║ 15
        0x00 1 ║ · · · b · · · b ║ 7
               ╚═════════════════╝
                 A B C D E F G H

        '''
      
        '''
        Be4d3

               ╔═════════════════╗
        0x38 8 ║ b · · N · · · · ║ 63
        0x30 7 ║ · · · · · · R · ║ 55
        0x28 6 ║ · · · · · · · · ║ 47
        0x20 5 ║ · · · b · · · · ║ 39
        0x18 4 ║ · · · · · · · P ║ 31
        0x10 3 ║ · R · b · · · · ║ 23
        0x08 2 ║ · R · · · · · · ║ 15
        0x00 1 ║ · · · b · · · b ║ 7
               ╚═════════════════╝
                 A B C D E F G H

        '''
      
        '''
        Be4f3

               ╔═════════════════╗
        0x38 8 ║ b · · N · · · · ║ 63
        0x30 7 ║ · · · · · · R · ║ 55
        0x28 6 ║ · · · · · · · · ║ 47
        0x20 5 ║ · · · b · · · · ║ 39
        0x18 4 ║ · · · · · · · P ║ 31
        0x10 3 ║ · R · · · b · · ║ 23
        0x08 2 ║ · R · · · · · · ║ 15
        0x00 1 ║ · · · b · · · b ║ 7
               ╚═════════════════╝
                 A B C D E F G H

        '''
      
        '''
        Be4f5

               ╔═════════════════╗
        0x38 8 ║ b · · N · · · · ║ 63
        0x30 7 ║ · · · · · · R · ║ 55
        0x28 6 ║ · · · · · · · · ║ 47
        0x20 5 ║ · · · b · b · · ║ 39
        0x18 4 ║ · · · · · · · P ║ 31
        0x10 3 ║ · R · · · · · · ║ 23
        0x08 2 ║ · R · · · · · · ║ 15
        0x00 1 ║ · · · b · · · b ║ 7
               ╚═════════════════╝
                 A B C D E F G H

        '''
      
        '''
        Be4g6

               ╔═════════════════╗
        0x38 8 ║ b · · N · · · · ║ 63
        0x30 7 ║ · · · · · · R · ║ 55
        0x28 6 ║ · · · · · · b · ║ 47
        0x20 5 ║ · · · b · · · · ║ 39
        0x18 4 ║ · · · · · · · P ║ 31
        0x10 3 ║ · R · · · · · · ║ 23
        0x08 2 ║ · R · · · · · · ║ 15
        0x00 1 ║ · · · b · · · b ║ 7
               ╚═════════════════╝
                 A B C D E F G H

        '''
      
        '''
        Be4h7

               ╔═════════════════╗
        0x38 8 ║ b · · N · · · · ║ 63
        0x30 7 ║ · · · · · · R b ║ 55
        0x28 6 ║ · · · · · · · · ║ 47
        0x20 5 ║ · · · b · · · · ║ 39
        0x18 4 ║ · · · · · · · P ║ 31
        0x10 3 ║ · R · · · · · · ║ 23
        0x08 2 ║ · R · · · · · · ║ 15
        0x00 1 ║ · · · b · · · b ║ 7
               ╚═════════════════╝
                 A B C D E F G H

        '''
      
        '''
        Bd5xb3

               ╔═════════════════╗
        0x38 8 ║ b · · N · · · · ║ 63
        0x30 7 ║ · · · · · · R · ║ 55
        0x28 6 ║ · · · · · · · · ║ 47
        0x20 5 ║ · · · · · · · · ║ 39
        0x18 4 ║ · · · · b · · P ║ 31
        0x10 3 ║ · b · · · · · · ║ 23
        0x08 2 ║ · R · · · · · · ║ 15
        0x00 1 ║ · · · b · · · b ║ 7
               ╚═════════════════╝
                 A B C D E F G H

        '''
      
        '''
        Bd5c4

               ╔═════════════════╗
        0x38 8 ║ b · · N · · · · ║ 63
        0x30 7 ║ · · · · · · R · ║ 55
        0x28 6 ║ · · · · · · · · ║ 47
        0x20 5 ║ · · · · · · · · ║ 39
        0x18 4 ║ · · b · b · · P ║ 31
        0x10 3 ║ · R · · · · · · ║ 23
        0x08 2 ║ · R · · · · · · ║ 15
        0x00 1 ║ · · · b · · · b ║ 7
               ╚═════════════════╝
                 A B C D E F G H

        '''
      
        '''
        Bd5c6

               ╔═════════════════╗
        0x38 8 ║ b · · N · · · · ║ 63
        0x30 7 ║ · · · · · · R · ║ 55
        0x28 6 ║ · · b · · · · · ║ 47
        0x20 5 ║ · · · · · · · · ║ 39
        0x18 4 ║ · · · · b · · P ║ 31
        0x10 3 ║ · R · · · · · · ║ 23
        0x08 2 ║ · R · · · · · · ║ 15
        0x00 1 ║ · · · b · · · b ║ 7
               ╚═════════════════╝
                 A B C D E F G H

        '''
      
        '''
        Bd5e6

               ╔═════════════════╗
        0x38 8 ║ b · · N · · · · ║ 63
        0x30 7 ║ · · · · · · R · ║ 55
        0x28 6 ║ · · · · b · · · ║ 47
        0x20 5 ║ · · · · · · · · ║ 39
        0x18 4 ║ · · · · b · · P ║ 31
        0x10 3 ║ · R · · · · · · ║ 23
        0x08 2 ║ · R · · · · · · ║ 15
        0x00 1 ║ · · · b · · · b ║ 7
               ╚═════════════════╝
                 A B C D E F G H

        '''
      
        '''
        Bd5b7

               ╔═════════════════╗
        0x38 8 ║ b · · N · · · · ║ 63
        0x30 7 ║ · b · · · · R · ║ 55
        0x28 6 ║ · · · · · · · · ║ 47
        0x20 5 ║ · · · · · · · · ║ 39
        0x18 4 ║ · · · · b · · P ║ 31
        0x10 3 ║ · R · · · · · · ║ 23
        0x08 2 ║ · R · · · · · · ║ 15
        0x00 1 ║ · · · b · · · b ║ 7
               ╚═════════════════╝
                 A B C D E F G H

        '''
      
        '''
        Bd5f7

               ╔═════════════════╗
        0x38 8 ║ b · · N · · · · ║ 63
        0x30 7 ║ · · · · · b R · ║ 55
        0x28 6 ║ · · · · · · · · ║ 47
        0x20 5 ║ · · · · · · · · ║ 39
        0x18 4 ║ · · · · b · · P ║ 31
        0x10 3 ║ · R · · · · · · ║ 23
        0x08 2 ║ · R · · · · · · ║ 15
        0x00 1 ║ · · · b · · · b ║ 7
               ╚═════════════════╝
                 A B C D E F G H

        '''
      
        '''
        Bd5g8

               ╔═════════════════╗
        0x38 8 ║ b · · N · · b · ║ 63
        0x30 7 ║ · · · · · · R · ║ 55
        0x28 6 ║ · · · · · · · · ║ 47
        0x20 5 ║ · · · · · · · · ║ 39
        0x18 4 ║ · · · · b · · P ║ 31
        0x10 3 ║ · R · · · · · · ║ 23
        0x08 2 ║ · R · · · · · · ║ 15
        0x00 1 ║ · · · b · · · b ║ 7
               ╚═════════════════╝
                 A B C D E F G H

        '''
      
        '''
        Ba8c6

               ╔═════════════════╗
        0x38 8 ║ · · · N · · · · ║ 63
        0x30 7 ║ · · · · · · R · ║ 55
        0x28 6 ║ · · b · · · · · ║ 47
        0x20 5 ║ · · · b · · · · ║ 39
        0x18 4 ║ · · · · b · · P ║ 31
        0x10 3 ║ · R · · · · · · ║ 23
        0x08 2 ║ · R · · · · · · ║ 15
        0x00 1 ║ · · · b · · · b ║ 7
               ╚═════════════════╝
                 A B C D E F G H

        '''
      
        '''
        Ba8b7

               ╔═════════════════╗
        0x38 8 ║ · · · N · · · · ║ 63
        0x30 7 ║ · b · · · · R · ║ 55
        0x28 6 ║ · · · · · · · · ║ 47
        0x20 5 ║ · · · b · · · · ║ 39
        0x18 4 ║ · · · · b · · P ║ 31
        0x10 3 ║ · R · · · · · · ║ 23
        0x08 2 ║ · R · · · · · · ║ 15
        0x00 1 ║ · · · b · · · b ║ 7
               ╚═════════════════╝
                 A B C D E F G H

        '''
    ]
  }
}