{
  "pawn_move_generation::test_generate_black_pawn_moves":
  {
    file:
    [
      chess-lib
      tests
      pawn_move_generation.rs
    ]
    module_path: pawn_move_generation
    test_function: test_generate_black_pawn_moves
    recorded_value:
    [
      
        '''
        Pd2d4

               ╔═════════════════╗
        0x38 8 ║ · · · · · · · · ║ 63
        0x30 7 ║ P · · · · · P · ║ 55
        0x28 6 ║ n · · · · n · n ║ 47
        0x20 5 ║ n · P · · · · · ║ 39
        0x18 4 ║ · · · p P · · · ║ 31
        0x10 3 ║ · · · · · · · · ║ 23
        0x08 2 ║ · · · · P n · · ║ 15
        0x00 1 ║ · · · n · · · · ║ 7
               ╚═════════════════╝
                 A B C D E F G H

        '''
      
        '''
        Pe2xd1=Q

               ╔═════════════════╗
        0x38 8 ║ · · · · · · · · ║ 63
        0x30 7 ║ P · · · · · P · ║ 55
        0x28 6 ║ n · · · · n · n ║ 47
        0x20 5 ║ n · P · · · · · ║ 39
        0x18 4 ║ · · · p P · · · ║ 31
        0x10 3 ║ · · · · · · · · ║ 23
        0x08 2 ║ · · · · · n · · ║ 15
        0x00 1 ║ · · · Q · · · · ║ 7
               ╚═════════════════╝
                 A B C D E F G H

        '''
      
        '''
        Pe2e1=Q

               ╔═════════════════╗
        0x38 8 ║ · · · · · · · · ║ 63
        0x30 7 ║ P · · · · · P · ║ 55
        0x28 6 ║ n · · · · n · n ║ 47
        0x20 5 ║ n · P · · · · · ║ 39
        0x18 4 ║ · · · p P · · · ║ 31
        0x10 3 ║ · · · · · · · · ║ 23
        0x08 2 ║ · · · · · n · · ║ 15
        0x00 1 ║ · · · n Q · · · ║ 7
               ╚═════════════════╝
                 A B C D E F G H

        '''
      
        '''
        Pe4xd3e.p.

               ╔═════════════════╗
        0x38 8 ║ · · · · · · · · ║ 63
        0x30 7 ║ P · · · · · P · ║ 55
        0x28 6 ║ n · · · · n · n ║ 47
        0x20 5 ║ n · P · · · · · ║ 39
        0x18 4 ║ · · · · · · · · ║ 31
        0x10 3 ║ · · · P · · · · ║ 23
        0x08 2 ║ · · · · P n · · ║ 15
        0x00 1 ║ · · · n · · · · ║ 7
               ╚═════════════════╝
                 A B C D E F G H

        '''
      
        '''
        Pe4e3

               ╔═════════════════╗
        0x38 8 ║ · · · · · · · · ║ 63
        0x30 7 ║ P · · · · · P · ║ 55
        0x28 6 ║ n · · · · n · n ║ 47
        0x20 5 ║ n · P · · · · · ║ 39
        0x18 4 ║ · · · p · · · · ║ 31
        0x10 3 ║ · · · · P · · · ║ 23
        0x08 2 ║ · · · · P n · · ║ 15
        0x00 1 ║ · · · n · · · · ║ 7
               ╚═════════════════╝
                 A B C D E F G H

        '''
      
        '''
        Pc5c4

               ╔═════════════════╗
        0x38 8 ║ · · · · · · · · ║ 63
        0x30 7 ║ P · · · · · P · ║ 55
        0x28 6 ║ n · · · · n · n ║ 47
        0x20 5 ║ n · · · · · · · ║ 39
        0x18 4 ║ · · P p P · · · ║ 31
        0x10 3 ║ · · · · · · · · ║ 23
        0x08 2 ║ · · · · P n · · ║ 15
        0x00 1 ║ · · · n · · · · ║ 7
               ╚═════════════════╝
                 A B C D E F G H

        '''
      
        '''
        Pc5xd4

               ╔═════════════════╗
        0x38 8 ║ · · · · · · · · ║ 63
        0x30 7 ║ P · · · · · P · ║ 55
        0x28 6 ║ n · · · · n · n ║ 47
        0x20 5 ║ n · · · · · · · ║ 39
        0x18 4 ║ · · · P P · · · ║ 31
        0x10 3 ║ · · · · · · · · ║ 23
        0x08 2 ║ · · · · P n · · ║ 15
        0x00 1 ║ · · · n · · · · ║ 7
               ╚═════════════════╝
                 A B C D E F G H

        '''
      
        '''
        Pg7g5

               ╔═════════════════╗
        0x38 8 ║ · · · · · · · · ║ 63
        0x30 7 ║ P · · · · · · · ║ 55
        0x28 6 ║ n · · · · n · n ║ 47
        0x20 5 ║ n · P · · · P · ║ 39
        0x18 4 ║ · · · p P · · · ║ 31
        0x10 3 ║ · · · · · · · · ║ 23
        0x08 2 ║ · · · · P n · · ║ 15
        0x00 1 ║ · · · n · · · · ║ 7
               ╚═════════════════╝
                 A B C D E F G H

        '''
      
        '''
        Pg7xf6

               ╔═════════════════╗
        0x38 8 ║ · · · · · · · · ║ 63
        0x30 7 ║ P · · · · · · · ║ 55
        0x28 6 ║ n · · · · P · n ║ 47
        0x20 5 ║ n · P · · · · · ║ 39
        0x18 4 ║ · · · p P · · · ║ 31
        0x10 3 ║ · · · · · · · · ║ 23
        0x08 2 ║ · · · · P n · · ║ 15
        0x00 1 ║ · · · n · · · · ║ 7
               ╚═════════════════╝
                 A B C D E F G H

        '''
      
        '''
        Pg7g6

               ╔═════════════════╗
        0x38 8 ║ · · · · · · · · ║ 63
        0x30 7 ║ P · · · · · · · ║ 55
        0x28 6 ║ n · · · · n P n ║ 47
        0x20 5 ║ n · P · · · · · ║ 39
        0x18 4 ║ · · · p P · · · ║ 31
        0x10 3 ║ · · · · · · · · ║ 23
        0x08 2 ║ · · · · P n · · ║ 15
        0x00 1 ║ · · · n · · · · ║ 7
               ╚═════════════════╝
                 A B C D E F G H

        '''
      
        '''
        Pg7xh6

               ╔═════════════════╗
        0x38 8 ║ · · · · · · · · ║ 63
        0x30 7 ║ P · · · · · · · ║ 55
        0x28 6 ║ n · · · · n · P ║ 47
        0x20 5 ║ n · P · · · · · ║ 39
        0x18 4 ║ · · · p P · · · ║ 31
        0x10 3 ║ · · · · · · · · ║ 23
        0x08 2 ║ · · · · P n · · ║ 15
        0x00 1 ║ · · · n · · · · ║ 7
               ╚═════════════════╝
                 A B C D E F G H

        '''
    ]
  }
  "pawn_move_generation::test_generate_white_pawn_moves":
  {
    file:
    [
      chess-lib
      tests
      pawn_move_generation.rs
    ]
    module_path: pawn_move_generation
    test_function: test_generate_white_pawn_moves
    recorded_value:
    [
      
        '''
        Pf7f5

               ╔═════════════════╗
        0x38 8 ║ · · · R · · · · ║ 63
        0x30 7 ║ · · p · · · · · ║ 55
        0x28 6 ║ · · · · · · · · ║ 47
        0x20 5 ║ · · · · p P · · ║ 39
        0x18 4 ║ · N · N · · · · ║ 31
        0x10 3 ║ N · p · · · · N ║ 23
        0x08 2 ║ · p · · · p · p ║ 15
        0x00 1 ║ · · · · · · · · ║ 7
               ╚═════════════════╝
                 A B C D E F G H

        '''
      
        '''
        Pb2xa3

               ╔═════════════════╗
        0x38 8 ║ · · · R · · · · ║ 63
        0x30 7 ║ · · p · · · · · ║ 55
        0x28 6 ║ · · · · · · · · ║ 47
        0x20 5 ║ · · · · p P · · ║ 39
        0x18 4 ║ · N · N · · · · ║ 31
        0x10 3 ║ p · p · · · · N ║ 23
        0x08 2 ║ · · · · · p · p ║ 15
        0x00 1 ║ · · · · · · · · ║ 7
               ╚═════════════════╝
                 A B C D E F G H

        '''
      
        '''
        Pb2b3

               ╔═════════════════╗
        0x38 8 ║ · · · R · · · · ║ 63
        0x30 7 ║ · · p · · · · · ║ 55
        0x28 6 ║ · · · · · · · · ║ 47
        0x20 5 ║ · · · · p P · · ║ 39
        0x18 4 ║ · N · N · · · · ║ 31
        0x10 3 ║ N p p · · · · N ║ 23
        0x08 2 ║ · · · · · p · p ║ 15
        0x00 1 ║ · · · · · · · · ║ 7
               ╚═════════════════╝
                 A B C D E F G H

        '''
      
        '''
        Pf2f3

               ╔═════════════════╗
        0x38 8 ║ · · · R · · · · ║ 63
        0x30 7 ║ · · p · · · · · ║ 55
        0x28 6 ║ · · · · · · · · ║ 47
        0x20 5 ║ · · · · p P · · ║ 39
        0x18 4 ║ · N · N · · · · ║ 31
        0x10 3 ║ N · p · · p · N ║ 23
        0x08 2 ║ · p · · · · · p ║ 15
        0x00 1 ║ · · · · · · · · ║ 7
               ╚═════════════════╝
                 A B C D E F G H

        '''
      
        '''
        Pf2f4

               ╔═════════════════╗
        0x38 8 ║ · · · R · · · · ║ 63
        0x30 7 ║ · · p · · · · · ║ 55
        0x28 6 ║ · · · · · · · · ║ 47
        0x20 5 ║ · · · · p P · · ║ 39
        0x18 4 ║ · N · N · p · · ║ 31
        0x10 3 ║ N · p · · · · N ║ 23
        0x08 2 ║ · p · · · · · p ║ 15
        0x00 1 ║ · · · · · · · · ║ 7
               ╚═════════════════╝
                 A B C D E F G H

        '''
      
        '''
        Pc3xb4

               ╔═════════════════╗
        0x38 8 ║ · · · R · · · · ║ 63
        0x30 7 ║ · · p · · · · · ║ 55
        0x28 6 ║ · · · · · · · · ║ 47
        0x20 5 ║ · · · · p P · · ║ 39
        0x18 4 ║ · p · N · · · · ║ 31
        0x10 3 ║ N · · · · · · N ║ 23
        0x08 2 ║ · p · · · p · p ║ 15
        0x00 1 ║ · · · · · · · · ║ 7
               ╚═════════════════╝
                 A B C D E F G H

        '''
      
        '''
        Pc3c4

               ╔═════════════════╗
        0x38 8 ║ · · · R · · · · ║ 63
        0x30 7 ║ · · p · · · · · ║ 55
        0x28 6 ║ · · · · · · · · ║ 47
        0x20 5 ║ · · · · p P · · ║ 39
        0x18 4 ║ · N p N · · · · ║ 31
        0x10 3 ║ N · · · · · · N ║ 23
        0x08 2 ║ · p · · · p · p ║ 15
        0x00 1 ║ · · · · · · · · ║ 7
               ╚═════════════════╝
                 A B C D E F G H

        '''
      
        '''
        Pc3xd4

               ╔═════════════════╗
        0x38 8 ║ · · · R · · · · ║ 63
        0x30 7 ║ · · p · · · · · ║ 55
        0x28 6 ║ · · · · · · · · ║ 47
        0x20 5 ║ · · · · p P · · ║ 39
        0x18 4 ║ · N · p · · · · ║ 31
        0x10 3 ║ N · · · · · · N ║ 23
        0x08 2 ║ · p · · · p · p ║ 15
        0x00 1 ║ · · · · · · · · ║ 7
               ╚═════════════════╝
                 A B C D E F G H

        '''
      
        '''
        Pe5xf6e.p.

               ╔═════════════════╗
        0x38 8 ║ · · · R · · · · ║ 63
        0x30 7 ║ · · p · · · · · ║ 55
        0x28 6 ║ · · · · · p · · ║ 47
        0x20 5 ║ · · · · · · · · ║ 39
        0x18 4 ║ · N · N · · · · ║ 31
        0x10 3 ║ N · p · · · · N ║ 23
        0x08 2 ║ · p · · · p · p ║ 15
        0x00 1 ║ · · · · · · · · ║ 7
               ╚═════════════════╝
                 A B C D E F G H

        '''
      
        '''
        Pe5e6

               ╔═════════════════╗
        0x38 8 ║ · · · R · · · · ║ 63
        0x30 7 ║ · · p · · · · · ║ 55
        0x28 6 ║ · · · · p · · · ║ 47
        0x20 5 ║ · · · · · P · · ║ 39
        0x18 4 ║ · N · N · · · · ║ 31
        0x10 3 ║ N · p · · · · N ║ 23
        0x08 2 ║ · p · · · p · p ║ 15
        0x00 1 ║ · · · · · · · · ║ 7
               ╚═════════════════╝
                 A B C D E F G H

        '''
      
        '''
        Pc7c8=Q

               ╔═════════════════╗
        0x38 8 ║ · · q R · · · · ║ 63
        0x30 7 ║ · · · · · · · · ║ 55
        0x28 6 ║ · · · · · · · · ║ 47
        0x20 5 ║ · · · · p P · · ║ 39
        0x18 4 ║ · N · N · · · · ║ 31
        0x10 3 ║ N · p · · · · N ║ 23
        0x08 2 ║ · p · · · p · p ║ 15
        0x00 1 ║ · · · · · · · · ║ 7
               ╚═════════════════╝
                 A B C D E F G H

        '''
      
        '''
        Pc7xd8=Q

               ╔═════════════════╗
        0x38 8 ║ · · · q · · · · ║ 63
        0x30 7 ║ · · · · · · · · ║ 55
        0x28 6 ║ · · · · · · · · ║ 47
        0x20 5 ║ · · · · p P · · ║ 39
        0x18 4 ║ · N · N · · · · ║ 31
        0x10 3 ║ N · p · · · · N ║ 23
        0x08 2 ║ · p · · · p · p ║ 15
        0x00 1 ║ · · · · · · · · ║ 7
               ╚═════════════════╝
                 A B C D E F G H

        '''
    ]
  }
}