{
  "knight_move_generation::test_generate_black_knight_moves":
  {
    file:
    [
      tests
      knight_move_generation.rs
    ]
    module_path: knight_move_generation
    test_function: test_generate_black_knight_moves
    recorded_value:
    [
      
        '''
        First Move

               ╔═════════════════╗
        0x38 8 ║ ♞ · · · ♘ · · · ║ 63
        0x30 7 ║ · · · · · · · · ║ 55
        0x28 6 ║ · · · · · ♞ · · ║ 47
        0x20 5 ║ · · · · · · · · ║ 39
        0x18 4 ║ · · ♞ · · · · ♘ ║ 31
        0x10 3 ║ · · · · · · · · ║ 23
        0x08 2 ║ · · · · ♞ · · · ║ 15
        0x00 1 ║ · · · · ♘ · ♞ ♞ ║ 7
               ╚═════════════════╝
                 A B C D E F G H

        '''
      
        '''
        NG1F3

               ╔═════════════════╗
        0x38 8 ║ ♞ · · · ♘ · · · ║ 63
        0x30 7 ║ · · · · · · · · ║ 55
        0x28 6 ║ · · · · · ♞ · · ║ 47
        0x20 5 ║ · · · · · · · · ║ 39
        0x18 4 ║ · · ♞ · · · · ♘ ║ 31
        0x10 3 ║ · · · · · ♞ · · ║ 23
        0x08 2 ║ · · · · ♞ · · · ║ 15
        0x00 1 ║ · · · · ♘ · · ♞ ║ 7
               ╚═════════════════╝
                 A B C D E F G H

        '''
      
        '''
        NG1H3

               ╔═════════════════╗
        0x38 8 ║ ♞ · · · ♘ · · · ║ 63
        0x30 7 ║ · · · · · · · · ║ 55
        0x28 6 ║ · · · · · ♞ · · ║ 47
        0x20 5 ║ · · · · · · · · ║ 39
        0x18 4 ║ · · ♞ · · · · ♘ ║ 31
        0x10 3 ║ · · · · · · · ♞ ║ 23
        0x08 2 ║ · · · · ♞ · · · ║ 15
        0x00 1 ║ · · · · ♘ · · ♞ ║ 7
               ╚═════════════════╝
                 A B C D E F G H

        '''
      
        '''
        NH1F2

               ╔═════════════════╗
        0x38 8 ║ ♞ · · · ♘ · · · ║ 63
        0x30 7 ║ · · · · · · · · ║ 55
        0x28 6 ║ · · · · · ♞ · · ║ 47
        0x20 5 ║ · · · · · · · · ║ 39
        0x18 4 ║ · · ♞ · · · · ♘ ║ 31
        0x10 3 ║ · · · · · · · · ║ 23
        0x08 2 ║ · · · · ♞ ♞ · · ║ 15
        0x00 1 ║ · · · · ♘ · ♞ · ║ 7
               ╚═════════════════╝
                 A B C D E F G H

        '''
      
        '''
        NH1G3

               ╔═════════════════╗
        0x38 8 ║ ♞ · · · ♘ · · · ║ 63
        0x30 7 ║ · · · · · · · · ║ 55
        0x28 6 ║ · · · · · ♞ · · ║ 47
        0x20 5 ║ · · · · · · · · ║ 39
        0x18 4 ║ · · ♞ · · · · ♘ ║ 31
        0x10 3 ║ · · · · · · ♞ · ║ 23
        0x08 2 ║ · · · · ♞ · · · ║ 15
        0x00 1 ║ · · · · ♘ · ♞ · ║ 7
               ╚═════════════════╝
                 A B C D E F G H

        '''
      
        '''
        NE2C1

               ╔═════════════════╗
        0x38 8 ║ ♞ · · · ♘ · · · ║ 63
        0x30 7 ║ · · · · · · · · ║ 55
        0x28 6 ║ · · · · · ♞ · · ║ 47
        0x20 5 ║ · · · · · · · · ║ 39
        0x18 4 ║ · · ♞ · · · · ♘ ║ 31
        0x10 3 ║ · · · · · · · · ║ 23
        0x08 2 ║ · · · · · · · · ║ 15
        0x00 1 ║ · · ♞ · ♘ · ♞ ♞ ║ 7
               ╚═════════════════╝
                 A B C D E F G H

        '''
      
        '''
        NE2C3

               ╔═════════════════╗
        0x38 8 ║ ♞ · · · ♘ · · · ║ 63
        0x30 7 ║ · · · · · · · · ║ 55
        0x28 6 ║ · · · · · ♞ · · ║ 47
        0x20 5 ║ · · · · · · · · ║ 39
        0x18 4 ║ · · ♞ · · · · ♘ ║ 31
        0x10 3 ║ · · ♞ · · · · · ║ 23
        0x08 2 ║ · · · · · · · · ║ 15
        0x00 1 ║ · · · · ♘ · ♞ ♞ ║ 7
               ╚═════════════════╝
                 A B C D E F G H

        '''
      
        '''
        NE2G3

               ╔═════════════════╗
        0x38 8 ║ ♞ · · · ♘ · · · ║ 63
        0x30 7 ║ · · · · · · · · ║ 55
        0x28 6 ║ · · · · · ♞ · · ║ 47
        0x20 5 ║ · · · · · · · · ║ 39
        0x18 4 ║ · · ♞ · · · · ♘ ║ 31
        0x10 3 ║ · · · · · · ♞ · ║ 23
        0x08 2 ║ · · · · · · · · ║ 15
        0x00 1 ║ · · · · ♘ · ♞ ♞ ║ 7
               ╚═════════════════╝
                 A B C D E F G H

        '''
      
        '''
        NE2D4

               ╔═════════════════╗
        0x38 8 ║ ♞ · · · ♘ · · · ║ 63
        0x30 7 ║ · · · · · · · · ║ 55
        0x28 6 ║ · · · · · ♞ · · ║ 47
        0x20 5 ║ · · · · · · · · ║ 39
        0x18 4 ║ · · ♞ ♞ · · · ♘ ║ 31
        0x10 3 ║ · · · · · · · · ║ 23
        0x08 2 ║ · · · · · · · · ║ 15
        0x00 1 ║ · · · · ♘ · ♞ ♞ ║ 7
               ╚═════════════════╝
                 A B C D E F G H

        '''
      
        '''
        NE2F4

               ╔═════════════════╗
        0x38 8 ║ ♞ · · · ♘ · · · ║ 63
        0x30 7 ║ · · · · · · · · ║ 55
        0x28 6 ║ · · · · · ♞ · · ║ 47
        0x20 5 ║ · · · · · · · · ║ 39
        0x18 4 ║ · · ♞ · · ♞ · ♘ ║ 31
        0x10 3 ║ · · · · · · · · ║ 23
        0x08 2 ║ · · · · · · · · ║ 15
        0x00 1 ║ · · · · ♘ · ♞ ♞ ║ 7
               ╚═════════════════╝
                 A B C D E F G H

        '''
      
        '''
        NC4B2

               ╔═════════════════╗
        0x38 8 ║ ♞ · · · ♘ · · · ║ 63
        0x30 7 ║ · · · · · · · · ║ 55
        0x28 6 ║ · · · · · ♞ · · ║ 47
        0x20 5 ║ · · · · · · · · ║ 39
        0x18 4 ║ · · · · · · · ♘ ║ 31
        0x10 3 ║ · · · · · · · · ║ 23
        0x08 2 ║ · ♞ · · ♞ · · · ║ 15
        0x00 1 ║ · · · · ♘ · ♞ ♞ ║ 7
               ╚═════════════════╝
                 A B C D E F G H

        '''
      
        '''
        NC4D2

               ╔═════════════════╗
        0x38 8 ║ ♞ · · · ♘ · · · ║ 63
        0x30 7 ║ · · · · · · · · ║ 55
        0x28 6 ║ · · · · · ♞ · · ║ 47
        0x20 5 ║ · · · · · · · · ║ 39
        0x18 4 ║ · · · · · · · ♘ ║ 31
        0x10 3 ║ · · · · · · · · ║ 23
        0x08 2 ║ · · · ♞ ♞ · · · ║ 15
        0x00 1 ║ · · · · ♘ · ♞ ♞ ║ 7
               ╚═════════════════╝
                 A B C D E F G H

        '''
      
        '''
        NC4A3

               ╔═════════════════╗
        0x38 8 ║ ♞ · · · ♘ · · · ║ 63
        0x30 7 ║ · · · · · · · · ║ 55
        0x28 6 ║ · · · · · ♞ · · ║ 47
        0x20 5 ║ · · · · · · · · ║ 39
        0x18 4 ║ · · · · · · · ♘ ║ 31
        0x10 3 ║ ♞ · · · · · · · ║ 23
        0x08 2 ║ · · · · ♞ · · · ║ 15
        0x00 1 ║ · · · · ♘ · ♞ ♞ ║ 7
               ╚═════════════════╝
                 A B C D E F G H

        '''
      
        '''
        NC4E3

               ╔═════════════════╗
        0x38 8 ║ ♞ · · · ♘ · · · ║ 63
        0x30 7 ║ · · · · · · · · ║ 55
        0x28 6 ║ · · · · · ♞ · · ║ 47
        0x20 5 ║ · · · · · · · · ║ 39
        0x18 4 ║ · · · · · · · ♘ ║ 31
        0x10 3 ║ · · · · ♞ · · · ║ 23
        0x08 2 ║ · · · · ♞ · · · ║ 15
        0x00 1 ║ · · · · ♘ · ♞ ♞ ║ 7
               ╚═════════════════╝
                 A B C D E F G H

        '''
      
        '''
        NC4A5

               ╔═════════════════╗
        0x38 8 ║ ♞ · · · ♘ · · · ║ 63
        0x30 7 ║ · · · · · · · · ║ 55
        0x28 6 ║ · · · · · ♞ · · ║ 47
        0x20 5 ║ ♞ · · · · · · · ║ 39
        0x18 4 ║ · · · · · · · ♘ ║ 31
        0x10 3 ║ · · · · · · · · ║ 23
        0x08 2 ║ · · · · ♞ · · · ║ 15
        0x00 1 ║ · · · · ♘ · ♞ ♞ ║ 7
               ╚═════════════════╝
                 A B C D E F G H

        '''
      
        '''
        NC4E5

               ╔═════════════════╗
        0x38 8 ║ ♞ · · · ♘ · · · ║ 63
        0x30 7 ║ · · · · · · · · ║ 55
        0x28 6 ║ · · · · · ♞ · · ║ 47
        0x20 5 ║ · · · · ♞ · · · ║ 39
        0x18 4 ║ · · · · · · · ♘ ║ 31
        0x10 3 ║ · · · · · · · · ║ 23
        0x08 2 ║ · · · · ♞ · · · ║ 15
        0x00 1 ║ · · · · ♘ · ♞ ♞ ║ 7
               ╚═════════════════╝
                 A B C D E F G H

        '''
      
        '''
        NC4B6

               ╔═════════════════╗
        0x38 8 ║ ♞ · · · ♘ · · · ║ 63
        0x30 7 ║ · · · · · · · · ║ 55
        0x28 6 ║ · ♞ · · · ♞ · · ║ 47
        0x20 5 ║ · · · · · · · · ║ 39
        0x18 4 ║ · · · · · · · ♘ ║ 31
        0x10 3 ║ · · · · · · · · ║ 23
        0x08 2 ║ · · · · ♞ · · · ║ 15
        0x00 1 ║ · · · · ♘ · ♞ ♞ ║ 7
               ╚═════════════════╝
                 A B C D E F G H

        '''
      
        '''
        NC4D6

               ╔═════════════════╗
        0x38 8 ║ ♞ · · · ♘ · · · ║ 63
        0x30 7 ║ · · · · · · · · ║ 55
        0x28 6 ║ · · · ♞ · ♞ · · ║ 47
        0x20 5 ║ · · · · · · · · ║ 39
        0x18 4 ║ · · · · · · · ♘ ║ 31
        0x10 3 ║ · · · · · · · · ║ 23
        0x08 2 ║ · · · · ♞ · · · ║ 15
        0x00 1 ║ · · · · ♘ · ♞ ♞ ║ 7
               ╚═════════════════╝
                 A B C D E F G H

        '''
      
        '''
        NF6E4

               ╔═════════════════╗
        0x38 8 ║ ♞ · · · ♘ · · · ║ 63
        0x30 7 ║ · · · · · · · · ║ 55
        0x28 6 ║ · · · · · · · · ║ 47
        0x20 5 ║ · · · · · · · · ║ 39
        0x18 4 ║ · · ♞ · ♞ · · ♘ ║ 31
        0x10 3 ║ · · · · · · · · ║ 23
        0x08 2 ║ · · · · ♞ · · · ║ 15
        0x00 1 ║ · · · · ♘ · ♞ ♞ ║ 7
               ╚═════════════════╝
                 A B C D E F G H

        '''
      
        '''
        NF6G4

               ╔═════════════════╗
        0x38 8 ║ ♞ · · · ♘ · · · ║ 63
        0x30 7 ║ · · · · · · · · ║ 55
        0x28 6 ║ · · · · · · · · ║ 47
        0x20 5 ║ · · · · · · · · ║ 39
        0x18 4 ║ · · ♞ · · · ♞ ♘ ║ 31
        0x10 3 ║ · · · · · · · · ║ 23
        0x08 2 ║ · · · · ♞ · · · ║ 15
        0x00 1 ║ · · · · ♘ · ♞ ♞ ║ 7
               ╚═════════════════╝
                 A B C D E F G H

        '''
      
        '''
        NF6D5

               ╔═════════════════╗
        0x38 8 ║ ♞ · · · ♘ · · · ║ 63
        0x30 7 ║ · · · · · · · · ║ 55
        0x28 6 ║ · · · · · · · · ║ 47
        0x20 5 ║ · · · ♞ · · · · ║ 39
        0x18 4 ║ · · ♞ · · · · ♘ ║ 31
        0x10 3 ║ · · · · · · · · ║ 23
        0x08 2 ║ · · · · ♞ · · · ║ 15
        0x00 1 ║ · · · · ♘ · ♞ ♞ ║ 7
               ╚═════════════════╝
                 A B C D E F G H

        '''
      
        '''
        NF6H5

               ╔═════════════════╗
        0x38 8 ║ ♞ · · · ♘ · · · ║ 63
        0x30 7 ║ · · · · · · · · ║ 55
        0x28 6 ║ · · · · · · · · ║ 47
        0x20 5 ║ · · · · · · · ♞ ║ 39
        0x18 4 ║ · · ♞ · · · · ♘ ║ 31
        0x10 3 ║ · · · · · · · · ║ 23
        0x08 2 ║ · · · · ♞ · · · ║ 15
        0x00 1 ║ · · · · ♘ · ♞ ♞ ║ 7
               ╚═════════════════╝
                 A B C D E F G H

        '''
      
        '''
        NF6D7

               ╔═════════════════╗
        0x38 8 ║ ♞ · · · ♘ · · · ║ 63
        0x30 7 ║ · · · ♞ · · · · ║ 55
        0x28 6 ║ · · · · · · · · ║ 47
        0x20 5 ║ · · · · · · · · ║ 39
        0x18 4 ║ · · ♞ · · · · ♘ ║ 31
        0x10 3 ║ · · · · · · · · ║ 23
        0x08 2 ║ · · · · ♞ · · · ║ 15
        0x00 1 ║ · · · · ♘ · ♞ ♞ ║ 7
               ╚═════════════════╝
                 A B C D E F G H

        '''
      
        '''
        NF6H7

               ╔═════════════════╗
        0x38 8 ║ ♞ · · · ♘ · · · ║ 63
        0x30 7 ║ · · · · · · · ♞ ║ 55
        0x28 6 ║ · · · · · · · · ║ 47
        0x20 5 ║ · · · · · · · · ║ 39
        0x18 4 ║ · · ♞ · · · · ♘ ║ 31
        0x10 3 ║ · · · · · · · · ║ 23
        0x08 2 ║ · · · · ♞ · · · ║ 15
        0x00 1 ║ · · · · ♘ · ♞ ♞ ║ 7
               ╚═════════════════╝
                 A B C D E F G H

        '''
      
        '''
        NF6xE8

               ╔═════════════════╗
        0x38 8 ║ ♞ · · · ♞ · · · ║ 63
        0x30 7 ║ · · · · · · · · ║ 55
        0x28 6 ║ · · · · · · · · ║ 47
        0x20 5 ║ · · · · · · · · ║ 39
        0x18 4 ║ · · ♞ · · · · ♘ ║ 31
        0x10 3 ║ · · · · · · · · ║ 23
        0x08 2 ║ · · · · ♞ · · · ║ 15
        0x00 1 ║ · · · · ♘ · ♞ ♞ ║ 7
               ╚═════════════════╝
                 A B C D E F G H

        '''
      
        '''
        NF6G8

               ╔═════════════════╗
        0x38 8 ║ ♞ · · · ♘ · ♞ · ║ 63
        0x30 7 ║ · · · · · · · · ║ 55
        0x28 6 ║ · · · · · · · · ║ 47
        0x20 5 ║ · · · · · · · · ║ 39
        0x18 4 ║ · · ♞ · · · · ♘ ║ 31
        0x10 3 ║ · · · · · · · · ║ 23
        0x08 2 ║ · · · · ♞ · · · ║ 15
        0x00 1 ║ · · · · ♘ · ♞ ♞ ║ 7
               ╚═════════════════╝
                 A B C D E F G H

        '''
      
        '''
        NA8B6

               ╔═════════════════╗
        0x38 8 ║ · · · · ♘ · · · ║ 63
        0x30 7 ║ · · · · · · · · ║ 55
        0x28 6 ║ · ♞ · · · ♞ · · ║ 47
        0x20 5 ║ · · · · · · · · ║ 39
        0x18 4 ║ · · ♞ · · · · ♘ ║ 31
        0x10 3 ║ · · · · · · · · ║ 23
        0x08 2 ║ · · · · ♞ · · · ║ 15
        0x00 1 ║ · · · · ♘ · ♞ ♞ ║ 7
               ╚═════════════════╝
                 A B C D E F G H

        '''
      
        '''
        NA8C7

               ╔═════════════════╗
        0x38 8 ║ · · · · ♘ · · · ║ 63
        0x30 7 ║ · · ♞ · · · · · ║ 55
        0x28 6 ║ · · · · · ♞ · · ║ 47
        0x20 5 ║ · · · · · · · · ║ 39
        0x18 4 ║ · · ♞ · · · · ♘ ║ 31
        0x10 3 ║ · · · · · · · · ║ 23
        0x08 2 ║ · · · · ♞ · · · ║ 15
        0x00 1 ║ · · · · ♘ · ♞ ♞ ║ 7
               ╚═════════════════╝
                 A B C D E F G H

        '''
    ]
  }
  "knight_move_generation::test_generate_white_knight_moves":
  {
    file:
    [
      tests
      knight_move_generation.rs
    ]
    module_path: knight_move_generation
    test_function: test_generate_white_knight_moves
    recorded_value:
    [
      
        '''
        First Move

               ╔═════════════════╗
        0x38 8 ║ ♘ · · ♞ · · · · ║ 63
        0x30 7 ║ · · · · · · ♜ · ║ 55
        0x28 6 ║ · · · · · · · · ║ 47
        0x20 5 ║ · · · ♘ · · · · ║ 39
        0x18 4 ║ · · · · ♘ · · ♟ ║ 31
        0x10 3 ║ · · · · · · · · ║ 23
        0x08 2 ║ · ♜ · · · · · · ║ 15
        0x00 1 ║ · · · ♘ · · · ♘ ║ 7
               ╚═════════════════╝
                 A B C D E F G H

        '''
      
        '''
        ND1xB2

               ╔═════════════════╗
        0x38 8 ║ ♘ · · ♞ · · · · ║ 63
        0x30 7 ║ · · · · · · ♜ · ║ 55
        0x28 6 ║ · · · · · · · · ║ 47
        0x20 5 ║ · · · ♘ · · · · ║ 39
        0x18 4 ║ · · · · ♘ · · ♟ ║ 31
        0x10 3 ║ · · · · · · · · ║ 23
        0x08 2 ║ · ♘ · · · · · · ║ 15
        0x00 1 ║ · · · · · · · ♘ ║ 7
               ╚═════════════════╝
                 A B C D E F G H

        '''
      
        '''
        ND1F2

               ╔═════════════════╗
        0x38 8 ║ ♘ · · ♞ · · · · ║ 63
        0x30 7 ║ · · · · · · ♜ · ║ 55
        0x28 6 ║ · · · · · · · · ║ 47
        0x20 5 ║ · · · ♘ · · · · ║ 39
        0x18 4 ║ · · · · ♘ · · ♟ ║ 31
        0x10 3 ║ · · · · · · · · ║ 23
        0x08 2 ║ · ♜ · · · ♘ · · ║ 15
        0x00 1 ║ · · · · · · · ♘ ║ 7
               ╚═════════════════╝
                 A B C D E F G H

        '''
      
        '''
        ND1C3

               ╔═════════════════╗
        0x38 8 ║ ♘ · · ♞ · · · · ║ 63
        0x30 7 ║ · · · · · · ♜ · ║ 55
        0x28 6 ║ · · · · · · · · ║ 47
        0x20 5 ║ · · · ♘ · · · · ║ 39
        0x18 4 ║ · · · · ♘ · · ♟ ║ 31
        0x10 3 ║ · · ♘ · · · · · ║ 23
        0x08 2 ║ · ♜ · · · · · · ║ 15
        0x00 1 ║ · · · · · · · ♘ ║ 7
               ╚═════════════════╝
                 A B C D E F G H

        '''
      
        '''
        ND1E3

               ╔═════════════════╗
        0x38 8 ║ ♘ · · ♞ · · · · ║ 63
        0x30 7 ║ · · · · · · ♜ · ║ 55
        0x28 6 ║ · · · · · · · · ║ 47
        0x20 5 ║ · · · ♘ · · · · ║ 39
        0x18 4 ║ · · · · ♘ · · ♟ ║ 31
        0x10 3 ║ · · · · ♘ · · · ║ 23
        0x08 2 ║ · ♜ · · · · · · ║ 15
        0x00 1 ║ · · · · · · · ♘ ║ 7
               ╚═════════════════╝
                 A B C D E F G H

        '''
      
        '''
        NH1F2

               ╔═════════════════╗
        0x38 8 ║ ♘ · · ♞ · · · · ║ 63
        0x30 7 ║ · · · · · · ♜ · ║ 55
        0x28 6 ║ · · · · · · · · ║ 47
        0x20 5 ║ · · · ♘ · · · · ║ 39
        0x18 4 ║ · · · · ♘ · · ♟ ║ 31
        0x10 3 ║ · · · · · · · · ║ 23
        0x08 2 ║ · ♜ · · · ♘ · · ║ 15
        0x00 1 ║ · · · ♘ · · · · ║ 7
               ╚═════════════════╝
                 A B C D E F G H

        '''
      
        '''
        NH1G3

               ╔═════════════════╗
        0x38 8 ║ ♘ · · ♞ · · · · ║ 63
        0x30 7 ║ · · · · · · ♜ · ║ 55
        0x28 6 ║ · · · · · · · · ║ 47
        0x20 5 ║ · · · ♘ · · · · ║ 39
        0x18 4 ║ · · · · ♘ · · ♟ ║ 31
        0x10 3 ║ · · · · · · ♘ · ║ 23
        0x08 2 ║ · ♜ · · · · · · ║ 15
        0x00 1 ║ · · · ♘ · · · · ║ 7
               ╚═════════════════╝
                 A B C D E F G H

        '''
      
        '''
        NE4D2

               ╔═════════════════╗
        0x38 8 ║ ♘ · · ♞ · · · · ║ 63
        0x30 7 ║ · · · · · · ♜ · ║ 55
        0x28 6 ║ · · · · · · · · ║ 47
        0x20 5 ║ · · · ♘ · · · · ║ 39
        0x18 4 ║ · · · · · · · ♟ ║ 31
        0x10 3 ║ · · · · · · · · ║ 23
        0x08 2 ║ · ♜ · ♘ · · · · ║ 15
        0x00 1 ║ · · · ♘ · · · ♘ ║ 7
               ╚═════════════════╝
                 A B C D E F G H

        '''
      
        '''
        NE4F2

               ╔═════════════════╗
        0x38 8 ║ ♘ · · ♞ · · · · ║ 63
        0x30 7 ║ · · · · · · ♜ · ║ 55
        0x28 6 ║ · · · · · · · · ║ 47
        0x20 5 ║ · · · ♘ · · · · ║ 39
        0x18 4 ║ · · · · · · · ♟ ║ 31
        0x10 3 ║ · · · · · · · · ║ 23
        0x08 2 ║ · ♜ · · · ♘ · · ║ 15
        0x00 1 ║ · · · ♘ · · · ♘ ║ 7
               ╚═════════════════╝
                 A B C D E F G H

        '''
      
        '''
        NE4C3

               ╔═════════════════╗
        0x38 8 ║ ♘ · · ♞ · · · · ║ 63
        0x30 7 ║ · · · · · · ♜ · ║ 55
        0x28 6 ║ · · · · · · · · ║ 47
        0x20 5 ║ · · · ♘ · · · · ║ 39
        0x18 4 ║ · · · · · · · ♟ ║ 31
        0x10 3 ║ · · ♘ · · · · · ║ 23
        0x08 2 ║ · ♜ · · · · · · ║ 15
        0x00 1 ║ · · · ♘ · · · ♘ ║ 7
               ╚═════════════════╝
                 A B C D E F G H

        '''
      
        '''
        NE4G3

               ╔═════════════════╗
        0x38 8 ║ ♘ · · ♞ · · · · ║ 63
        0x30 7 ║ · · · · · · ♜ · ║ 55
        0x28 6 ║ · · · · · · · · ║ 47
        0x20 5 ║ · · · ♘ · · · · ║ 39
        0x18 4 ║ · · · · · · · ♟ ║ 31
        0x10 3 ║ · · · · · · ♘ · ║ 23
        0x08 2 ║ · ♜ · · · · · · ║ 15
        0x00 1 ║ · · · ♘ · · · ♘ ║ 7
               ╚═════════════════╝
                 A B C D E F G H

        '''
      
        '''
        NE4C5

               ╔═════════════════╗
        0x38 8 ║ ♘ · · ♞ · · · · ║ 63
        0x30 7 ║ · · · · · · ♜ · ║ 55
        0x28 6 ║ · · · · · · · · ║ 47
        0x20 5 ║ · · ♘ ♘ · · · · ║ 39
        0x18 4 ║ · · · · · · · ♟ ║ 31
        0x10 3 ║ · · · · · · · · ║ 23
        0x08 2 ║ · ♜ · · · · · · ║ 15
        0x00 1 ║ · · · ♘ · · · ♘ ║ 7
               ╚═════════════════╝
                 A B C D E F G H

        '''
      
        '''
        NE4G5

               ╔═════════════════╗
        0x38 8 ║ ♘ · · ♞ · · · · ║ 63
        0x30 7 ║ · · · · · · ♜ · ║ 55
        0x28 6 ║ · · · · · · · · ║ 47
        0x20 5 ║ · · · ♘ · · ♘ · ║ 39
        0x18 4 ║ · · · · · · · ♟ ║ 31
        0x10 3 ║ · · · · · · · · ║ 23
        0x08 2 ║ · ♜ · · · · · · ║ 15
        0x00 1 ║ · · · ♘ · · · ♘ ║ 7
               ╚═════════════════╝
                 A B C D E F G H

        '''
      
        '''
        NE4D6

               ╔═════════════════╗
        0x38 8 ║ ♘ · · ♞ · · · · ║ 63
        0x30 7 ║ · · · · · · ♜ · ║ 55
        0x28 6 ║ · · · ♘ · · · · ║ 47
        0x20 5 ║ · · · ♘ · · · · ║ 39
        0x18 4 ║ · · · · · · · ♟ ║ 31
        0x10 3 ║ · · · · · · · · ║ 23
        0x08 2 ║ · ♜ · · · · · · ║ 15
        0x00 1 ║ · · · ♘ · · · ♘ ║ 7
               ╚═════════════════╝
                 A B C D E F G H

        '''
      
        '''
        NE4F6

               ╔═════════════════╗
        0x38 8 ║ ♘ · · ♞ · · · · ║ 63
        0x30 7 ║ · · · · · · ♜ · ║ 55
        0x28 6 ║ · · · · · ♘ · · ║ 47
        0x20 5 ║ · · · ♘ · · · · ║ 39
        0x18 4 ║ · · · · · · · ♟ ║ 31
        0x10 3 ║ · · · · · · · · ║ 23
        0x08 2 ║ · ♜ · · · · · · ║ 15
        0x00 1 ║ · · · ♘ · · · ♘ ║ 7
               ╚═════════════════╝
                 A B C D E F G H

        '''
      
        '''
        ND5C3

               ╔═════════════════╗
        0x38 8 ║ ♘ · · ♞ · · · · ║ 63
        0x30 7 ║ · · · · · · ♜ · ║ 55
        0x28 6 ║ · · · · · · · · ║ 47
        0x20 5 ║ · · · · · · · · ║ 39
        0x18 4 ║ · · · · ♘ · · ♟ ║ 31
        0x10 3 ║ · · ♘ · · · · · ║ 23
        0x08 2 ║ · ♜ · · · · · · ║ 15
        0x00 1 ║ · · · ♘ · · · ♘ ║ 7
               ╚═════════════════╝
                 A B C D E F G H

        '''
      
        '''
        ND5E3

               ╔═════════════════╗
        0x38 8 ║ ♘ · · ♞ · · · · ║ 63
        0x30 7 ║ · · · · · · ♜ · ║ 55
        0x28 6 ║ · · · · · · · · ║ 47
        0x20 5 ║ · · · · · · · · ║ 39
        0x18 4 ║ · · · · ♘ · · ♟ ║ 31
        0x10 3 ║ · · · · ♘ · · · ║ 23
        0x08 2 ║ · ♜ · · · · · · ║ 15
        0x00 1 ║ · · · ♘ · · · ♘ ║ 7
               ╚═════════════════╝
                 A B C D E F G H

        '''
      
        '''
        ND5B4

               ╔═════════════════╗
        0x38 8 ║ ♘ · · ♞ · · · · ║ 63
        0x30 7 ║ · · · · · · ♜ · ║ 55
        0x28 6 ║ · · · · · · · · ║ 47
        0x20 5 ║ · · · · · · · · ║ 39
        0x18 4 ║ · ♘ · · ♘ · · ♟ ║ 31
        0x10 3 ║ · · · · · · · · ║ 23
        0x08 2 ║ · ♜ · · · · · · ║ 15
        0x00 1 ║ · · · ♘ · · · ♘ ║ 7
               ╚═════════════════╝
                 A B C D E F G H

        '''
      
        '''
        ND5F4

               ╔═════════════════╗
        0x38 8 ║ ♘ · · ♞ · · · · ║ 63
        0x30 7 ║ · · · · · · ♜ · ║ 55
        0x28 6 ║ · · · · · · · · ║ 47
        0x20 5 ║ · · · · · · · · ║ 39
        0x18 4 ║ · · · · ♘ ♘ · ♟ ║ 31
        0x10 3 ║ · · · · · · · · ║ 23
        0x08 2 ║ · ♜ · · · · · · ║ 15
        0x00 1 ║ · · · ♘ · · · ♘ ║ 7
               ╚═════════════════╝
                 A B C D E F G H

        '''
      
        '''
        ND5B6

               ╔═════════════════╗
        0x38 8 ║ ♘ · · ♞ · · · · ║ 63
        0x30 7 ║ · · · · · · ♜ · ║ 55
        0x28 6 ║ · ♘ · · · · · · ║ 47
        0x20 5 ║ · · · · · · · · ║ 39
        0x18 4 ║ · · · · ♘ · · ♟ ║ 31
        0x10 3 ║ · · · · · · · · ║ 23
        0x08 2 ║ · ♜ · · · · · · ║ 15
        0x00 1 ║ · · · ♘ · · · ♘ ║ 7
               ╚═════════════════╝
                 A B C D E F G H

        '''
      
        '''
        ND5F6

               ╔═════════════════╗
        0x38 8 ║ ♘ · · ♞ · · · · ║ 63
        0x30 7 ║ · · · · · · ♜ · ║ 55
        0x28 6 ║ · · · · · ♘ · · ║ 47
        0x20 5 ║ · · · · · · · · ║ 39
        0x18 4 ║ · · · · ♘ · · ♟ ║ 31
        0x10 3 ║ · · · · · · · · ║ 23
        0x08 2 ║ · ♜ · · · · · · ║ 15
        0x00 1 ║ · · · ♘ · · · ♘ ║ 7
               ╚═════════════════╝
                 A B C D E F G H

        '''
      
        '''
        ND5C7

               ╔═════════════════╗
        0x38 8 ║ ♘ · · ♞ · · · · ║ 63
        0x30 7 ║ · · ♘ · · · ♜ · ║ 55
        0x28 6 ║ · · · · · · · · ║ 47
        0x20 5 ║ · · · · · · · · ║ 39
        0x18 4 ║ · · · · ♘ · · ♟ ║ 31
        0x10 3 ║ · · · · · · · · ║ 23
        0x08 2 ║ · ♜ · · · · · · ║ 15
        0x00 1 ║ · · · ♘ · · · ♘ ║ 7
               ╚═════════════════╝
                 A B C D E F G H

        '''
      
        '''
        ND5E7

               ╔═════════════════╗
        0x38 8 ║ ♘ · · ♞ · · · · ║ 63
        0x30 7 ║ · · · · ♘ · ♜ · ║ 55
        0x28 6 ║ · · · · · · · · ║ 47
        0x20 5 ║ · · · · · · · · ║ 39
        0x18 4 ║ · · · · ♘ · · ♟ ║ 31
        0x10 3 ║ · · · · · · · · ║ 23
        0x08 2 ║ · ♜ · · · · · · ║ 15
        0x00 1 ║ · · · ♘ · · · ♘ ║ 7
               ╚═════════════════╝
                 A B C D E F G H

        '''
      
        '''
        NA8B6

               ╔═════════════════╗
        0x38 8 ║ · · · ♞ · · · · ║ 63
        0x30 7 ║ · · · · · · ♜ · ║ 55
        0x28 6 ║ · ♘ · · · · · · ║ 47
        0x20 5 ║ · · · ♘ · · · · ║ 39
        0x18 4 ║ · · · · ♘ · · ♟ ║ 31
        0x10 3 ║ · · · · · · · · ║ 23
        0x08 2 ║ · ♜ · · · · · · ║ 15
        0x00 1 ║ · · · ♘ · · · ♘ ║ 7
               ╚═════════════════╝
                 A B C D E F G H

        '''
      
        '''
        NA8C7

               ╔═════════════════╗
        0x38 8 ║ · · · ♞ · · · · ║ 63
        0x30 7 ║ · · ♘ · · · ♜ · ║ 55
        0x28 6 ║ · · · · · · · · ║ 47
        0x20 5 ║ · · · ♘ · · · · ║ 39
        0x18 4 ║ · · · · ♘ · · ♟ ║ 31
        0x10 3 ║ · · · · · · · · ║ 23
        0x08 2 ║ · ♜ · · · · · · ║ 15
        0x00 1 ║ · · · ♘ · · · ♘ ║ 7
               ╚═════════════════╝
                 A B C D E F G H

        '''
    ]
  }
}