{
  "chess::board::move_pieces::tests::test_generate_black_pawn_moves":
  {
    file:
    [
      src
      board
      move_pieces.rs
    ]
    module_path: chess::board::move_pieces::tests
    test_function: test_generate_black_pawn_moves
    recorded_value:
    [
      
        '''
               +--------+
        0x38 8 |........| 63
        0x30 7 |p.....p.| 55
        0x28 6 |.....n.N| 47
        0x20 5 |..p.....| 39
        0x18 4 |........| 31
        0x10 3 |....p...| 23
        0x08 2 |....pN..| 15
        0x00 1 |...N....| 7
               +--------+
                ABCDEFGH

        '''
      
        '''
               +--------+
        0x38 8 |........| 63
        0x30 7 |p.....p.| 55
        0x28 6 |.....n.N| 47
        0x20 5 |..p.....| 39
        0x18 4 |........| 31
        0x10 3 |....p...| 23
        0x08 2 |.....N..| 15
        0x00 1 |...Np...| 7
               +--------+
                ABCDEFGH

        '''
      
        '''
               +--------+
        0x38 8 |........| 63
        0x30 7 |p.....p.| 55
        0x28 6 |.....n.N| 47
        0x20 5 |..p.....| 39
        0x18 4 |........| 31
        0x10 3 |....p...| 23
        0x08 2 |.....N..| 15
        0x00 1 |...p....| 7
               +--------+
                ABCDEFGH

        '''
      
        '''
               +--------+
        0x38 8 |........| 63
        0x30 7 |p.....p.| 55
        0x28 6 |.....n.N| 47
        0x20 5 |..p.....| 39
        0x18 4 |........| 31
        0x10 3 |........| 23
        0x08 2 |....pp..| 15
        0x00 1 |...N....| 7
               +--------+
                ABCDEFGH

        '''
      
        '''
               +--------+
        0x38 8 |........| 63
        0x30 7 |p.....p.| 55
        0x28 6 |.....n.N| 47
        0x20 5 |........| 39
        0x18 4 |..p.....| 31
        0x10 3 |....p...| 23
        0x08 2 |....pN..| 15
        0x00 1 |...N....| 7
               +--------+
                ABCDEFGH

        '''
      
        '''
               +--------+
        0x38 8 |........| 63
        0x30 7 |......p.| 55
        0x28 6 |.....n.N| 47
        0x20 5 |p.p.....| 39
        0x18 4 |........| 31
        0x10 3 |....p...| 23
        0x08 2 |....pN..| 15
        0x00 1 |...N....| 7
               +--------+
                ABCDEFGH

        '''
      
        '''
               +--------+
        0x38 8 |........| 63
        0x30 7 |......p.| 55
        0x28 6 |p....n.N| 47
        0x20 5 |..p.....| 39
        0x18 4 |........| 31
        0x10 3 |....p...| 23
        0x08 2 |....pN..| 15
        0x00 1 |...N....| 7
               +--------+
                ABCDEFGH

        '''
      
        '''
               +--------+
        0x38 8 |........| 63
        0x30 7 |p.......| 55
        0x28 6 |.....n.N| 47
        0x20 5 |..p...p.| 39
        0x18 4 |........| 31
        0x10 3 |....p...| 23
        0x08 2 |....pN..| 15
        0x00 1 |...N....| 7
               +--------+
                ABCDEFGH

        '''
      
        '''
               +--------+
        0x38 8 |........| 63
        0x30 7 |p.......| 55
        0x28 6 |.....npN| 47
        0x20 5 |..p.....| 39
        0x18 4 |........| 31
        0x10 3 |....p...| 23
        0x08 2 |....pN..| 15
        0x00 1 |...N....| 7
               +--------+
                ABCDEFGH

        '''
      
        '''
               +--------+
        0x38 8 |........| 63
        0x30 7 |p.......| 55
        0x28 6 |.....n.p| 47
        0x20 5 |..p.....| 39
        0x18 4 |........| 31
        0x10 3 |....p...| 23
        0x08 2 |....pN..| 15
        0x00 1 |...N....| 7
               +--------+
                ABCDEFGH

        '''
    ]
  }
  "chess::board::move_pieces::tests::test_generate_white_pawn_moves":
  {
    file:
    [
      src
      board
      move_pieces.rs
    ]
    module_path: chess::board::move_pieces::tests
    test_function: test_generate_white_pawn_moves
    recorded_value:
    [
      
        '''
               +--------+
        0x38 8 |...r....| 63
        0x30 7 |..P.....| 55
        0x28 6 |....P...| 47
        0x20 5 |........| 39
        0x18 4 |.n.n....| 31
        0x10 3 |n.P.....| 23
        0x08 2 |.P...P.P| 15
        0x00 1 |........| 7
               +--------+
                ABCDEFGH

        '''
      
        '''
               +--------+
        0x38 8 |...r....| 63
        0x30 7 |..P.....| 55
        0x28 6 |....P...| 47
        0x20 5 |........| 39
        0x18 4 |.n.n....| 31
        0x10 3 |nPP.....| 23
        0x08 2 |.....P.P| 15
        0x00 1 |........| 7
               +--------+
                ABCDEFGH

        '''
      
        '''
               +--------+
        0x38 8 |...r....| 63
        0x30 7 |..P.....| 55
        0x28 6 |....P...| 47
        0x20 5 |........| 39
        0x18 4 |.n.n....| 31
        0x10 3 |P.P.....| 23
        0x08 2 |.....P.P| 15
        0x00 1 |........| 7
               +--------+
                ABCDEFGH

        '''
      
        '''
               +--------+
        0x38 8 |...r....| 63
        0x30 7 |..P.....| 55
        0x28 6 |....P...| 47
        0x20 5 |........| 39
        0x18 4 |.n.n....| 31
        0x10 3 |n.P..P..| 23
        0x08 2 |.P.....P| 15
        0x00 1 |........| 7
               +--------+
                ABCDEFGH

        '''
      
        '''
               +--------+
        0x38 8 |...r....| 63
        0x30 7 |..P.....| 55
        0x28 6 |....P...| 47
        0x20 5 |........| 39
        0x18 4 |.n.n.P..| 31
        0x10 3 |n.P.....| 23
        0x08 2 |.P.....P| 15
        0x00 1 |........| 7
               +--------+
                ABCDEFGH

        '''
      
        '''
               +--------+
        0x38 8 |...r....| 63
        0x30 7 |..P.....| 55
        0x28 6 |....P...| 47
        0x20 5 |........| 39
        0x18 4 |.n.n....| 31
        0x10 3 |n.P....P| 23
        0x08 2 |.P...P..| 15
        0x00 1 |........| 7
               +--------+
                ABCDEFGH

        '''
      
        '''
               +--------+
        0x38 8 |...r....| 63
        0x30 7 |..P.....| 55
        0x28 6 |....P...| 47
        0x20 5 |........| 39
        0x18 4 |.n.n...P| 31
        0x10 3 |n.P.....| 23
        0x08 2 |.P...P..| 15
        0x00 1 |........| 7
               +--------+
                ABCDEFGH

        '''
      
        '''
               +--------+
        0x38 8 |...r....| 63
        0x30 7 |..P.....| 55
        0x28 6 |....P...| 47
        0x20 5 |........| 39
        0x18 4 |.nPn....| 31
        0x10 3 |n.......| 23
        0x08 2 |.P...P.P| 15
        0x00 1 |........| 7
               +--------+
                ABCDEFGH

        '''
      
        '''
               +--------+
        0x38 8 |...r....| 63
        0x30 7 |..P.....| 55
        0x28 6 |....P...| 47
        0x20 5 |........| 39
        0x18 4 |.P.n....| 31
        0x10 3 |n.......| 23
        0x08 2 |.P...P.P| 15
        0x00 1 |........| 7
               +--------+
                ABCDEFGH

        '''
      
        '''
               +--------+
        0x38 8 |...r....| 63
        0x30 7 |..P.....| 55
        0x28 6 |....P...| 47
        0x20 5 |........| 39
        0x18 4 |.n.P....| 31
        0x10 3 |n.......| 23
        0x08 2 |.P...P.P| 15
        0x00 1 |........| 7
               +--------+
                ABCDEFGH

        '''
      
        '''
               +--------+
        0x38 8 |...r....| 63
        0x30 7 |..P.P...| 55
        0x28 6 |........| 47
        0x20 5 |........| 39
        0x18 4 |.n.n....| 31
        0x10 3 |n.P.....| 23
        0x08 2 |.P...P.P| 15
        0x00 1 |........| 7
               +--------+
                ABCDEFGH

        '''
      
        '''
               +--------+
        0x38 8 |..Pr....| 63
        0x30 7 |........| 55
        0x28 6 |....P...| 47
        0x20 5 |........| 39
        0x18 4 |.n.n....| 31
        0x10 3 |n.P.....| 23
        0x08 2 |.P...P.P| 15
        0x00 1 |........| 7
               +--------+
                ABCDEFGH

        '''
      
        '''
               +--------+
        0x38 8 |...Q....| 63
        0x30 7 |........| 55
        0x28 6 |....P...| 47
        0x20 5 |........| 39
        0x18 4 |.n.n....| 31
        0x10 3 |n.P.....| 23
        0x08 2 |.P...P.P| 15
        0x00 1 |........| 7
               +--------+
                ABCDEFGH

        '''
    ]
  }
}